(node:13) ExperimentalWarning: VM Modules is an experimental feature and might change at any time
(Use `node --trace-warnings ...` to show where the warning was created)
✔ arrow toggles asc/desc/asc, keeps independent conditions and resets page (151.811979ms)
✔ text/boolean filters and clear affect only the selected column (72.225659ms)
✔ fixed scope is not cleared; Escape closes and restores focus (59.266197ms)
✔ optional column module failure does not block headers or mutations (122.58157ms)
✔ optional media module failure is isolated from the list controller (109.013228ms)
✔ core import failure retains independent headers, HTML search and links (105.144093ms)
✔ storage and canvas exceptions retain working columns and headers (117.137456ms)
✔ mount/dispose/remount attaches exactly one action listener (184.403403ms)
✔ repeated partial refresh retains query, draft, selection, focus, and single handlers (294.185622ms)
✔ failed follow-up read never replays a successful write; retry is read-only (144.695455ms)
✔ account deletion confirmation single cancels without a request (52.690431ms)
✔ account deletion confirmation batch cancels without a request (51.226577ms)
✔ grouped sidebar collapse, mobile drawer and Escape preserve focus (34.885122ms)
✔ sidebar remains usable when preference storage is unavailable (38.895742ms)
✔ grouped navigation retains permission notice and keyboard focus return (35.269442ms)
✔ media size header edits KB but preserves byte query contract (28.408713ms)
✔ cancelled permanent deletion sends preflight only (52.872745ms)
✔ batch permanent deletion preflights every item before confirm, stops on failure (78.862029ms)
✔ corresponding author markers match complete names and render text safely (24.425074ms)
✔ metadata draft fills empty correspondence, protects existing value and supports explicit replacement and undo (35.929347ms)
✔ single translation sends selected target version and keeps current filters (59.262504ms)
✔ media KB cells use integers and a compact default width (40.974838ms)
(node:14) ExperimentalWarning: VM Modules is an experimental feature and might change at any time
(Use `node --trace-warnings ...` to show where the warning was created)
✔ front target selection retains placement and supports Chinese contains with ASCII stored path (191.199197ms)
✔ public fields exclude private project data, status is exact and condition removal restores plain link (77.134432ms)
✔ reset preserves unrelated title and restores initial location and conditions (80.632789ms)
✔ legacy sidebar sends the original equality payload (57.562562ms)
✔ stale preview cannot replace newer draft or survive a kind change (62.922026ms)
✔ switching public contains to sidebar requires an explicit valid operator (54.106019ms)
✔ preset selection keeps footer placement and reads public target (56.387409ms)
(node:15) ExperimentalWarning: VM Modules is an experimental feature and might change at any time
(Use `node --trace-warnings ...` to show where the warning was created)
✔ real Quill image panel persists alignment and bounded geometry across reload (179.097013ms)
✔ real Quill rejects oversized percentage without changing content (74.787243ms)
✔ drag and drop uses Firefox caret fallback, preserves attributes and undoes atomically (56.280769ms)
✔ numeric dimension validator rejects CSS injection (42.635197ms)
✔ independent window keeps the same editor, pins controls outside scroll and returns draft on Escape (40.514008ms)
✔ dimension input and unit changes update the real editor immediately without apply (48.406021ms)
✔ unsupported dialog keeps the inline editor and draft usable (42.121963ms)
ℹ tests 36
ℹ suites 0
ℹ pass 36
ℹ fail 0
ℹ cancelled 0
ℹ skipped 0
ℹ todo 0
ℹ duration_ms 3046.091832
