✔ 100 papers use five serial batches of twenty and retain chosen format and order (236.320432ms)
✔ single entry follows selected elsevier (20.40942ms)
✔ single entry follows selected apa (18.011142ms)
✔ single entry follows selected ieee (14.406514ms)
✔ single entry follows selected bibtex (14.76177ms)
✔ one missing citation prevents the entire batch from copying (13.011089ms)
✔ format changes cancel late results without clearing selection (22.45751ms)
✔ filter reset cancels a pending read and ignores its response (17.869028ms)
✔ failed read retains selection, retries without cache and rejects wrong response (17.637188ms)
✔ denied clipboard exposes correct alternate text for manual copy (18.572219ms)
✔ no JavaScript retains a native named select and a working GET form (94.166793ms)
✔ keyboard changes only native filter value; collapsed sizing label stays unchanged (77.638959ms)
✔ Esc restores focus without committing the active option; only one panel opens (30.072248ms)
✔ candidate panel fits a narrow short viewport and keeps complete option text (36.683637ms)
✔ paged candidates preserve value/selection, append safely, announce and keep focus after last page (49.506838ms)
✔ facet failure stays on same page and retries from popup without clearing current values (21.907461ms)
✔ changing sort submits from first batch and cancels late candidate/list responses (40.934806ms)
✔ append preserves checked cards, new cards unchecked, and current result total updates (36.541828ms)
✔ Tab visits load-more inside panel; leaving or outside focus closes without choosing (31.875098ms)
✔ real fixed-entry page appends without losing selections, switches copy format and cancels on filtering (182.801952ms)
✔ select loaded, append preserves choices and new rows stay unchecked (88.710737ms)
✔ copy uses only explicit public fields in current display order (33.146026ms)
✔ expansion loads only requested entry, caches text and toggles clamp (25.724359ms)
✔ failed or mismatched detail preserves preview and allows retry (17.871552ms)
✔ Clipboard denial uses legacy fallback and accurately reports failure (19.993283ms)
✔ explicit filter submit marks selection reset; automatic append does not (21.680759ms)
✔ detail links retain filters for back navigation (21.83477ms)
✔ details copy public fields and restore same-module return URL (21.617202ms)
✔ details reject cross-origin or different-module return URLs (34.467009ms)
✔ empty biography is reported without inventing content (17.416456ms)
✔ group heading appears once across appended batches, selection and copy exclude heading (26.148183ms)
✔ facet options append safely without changing active filter or selected records (19.044472ms)
✔ facet failure preserves options and page; retry stays on the same page (13.265153ms)
✔ batch citations copy selected loaded raw text in list order with zero requests (19.840983ms)
✔ missing-format cards stop the batch instead of copying fallback (17.798336ms)
✔ single citation copy works on homepage and appended cards without selection form (11.936288ms)
✔ short biographies hide expand button and resizing reveals it only on overflow (14.196177ms)
✔ retained detail copies rich text with paragraph boundaries without reader buttons (9.827216ms)
✔ 100 fictional gbt citations append without changing selected entries and copy exact stored text (201.089276ms)
✔ 100 fictional elsevier citations append without changing selected entries and copy exact stored text (210.011061ms)
✔ 100 fictional apa citations append without changing selected entries and copy exact stored text (239.507756ms)
✔ 100 fictional ieee citations append without changing selected entries and copy exact stored text (126.844062ms)
✔ students: short description expands locally and long description lazily loads safely (14.111309ms)
✔ courses: short description expands locally and long description lazily loads safely (13.611434ms)
✔ description request is cancelled by filters and late text cannot overwrite the card (9.181171ms)
✔ news copy excludes PDF controls, loaded text layers and online watermark (9.361233ms)
✔ scoped teacher expansion preserves fixed-entry path and revision (14.670072ms)
✔ scoped detail return accepts only its own entry and preserves encoded filters (18.279707ms)
✔ English facet continuation requests language and scope, and keeps raw values for identical labels (9.584229ms)
✔ Chinese visitor fields serialize as ASCII and retain fixed-entry path (59.86819ms)
✔ empty controls omit state and cannot carry stale pagination or fixed rules (11.786492ms)
✔ cross-origin form action does not trigger scripted navigation (9.559812ms)
✔ language preserves detail, repeated parameters and hash without rewriting external origins (112.105527ms)
✔ filtered navigation matches only appropriate query state (30.870733ms)
✔ nonlanguage auth paths retain safe server-rendered fallback (15.867679ms)
✔ module prefix does not mark a different route active (17.334972ms)
✔ failed and already-broken branding images hide while site text remains (13.761982ms)
✔ server-normalized detail language link keeps translated return context (12.388269ms)
✔ intersection starts one request and carries query filters without changing current URL (93.026083ms)
✔ appends once per UID, including duplicate rows in the same response (35.35619ms)
✔ last page removes continuation and disconnects automatic requests (18.861655ms)
✔ failure preserves existing rows and next URL; no automatic retry loop, manual retry works (16.917878ms)
✔ homepage streams share a one-request queue and keep independent record sets (17.80417ms)
✔ wrong language/table/page response cannot contaminate current list (16.402476ms)
✔ cross-origin or backwards continuation is rejected before append (16.121416ms)
✔ HTML error pages do not replace cards (11.775044ms)
✔ pagehide aborts active request and clears queued requests (13.962334ms)
✔ no IntersectionObserver keeps manual load and ordinary link functional (11.886262ms)
✔ data-saving preference disables auto preload, keeps explicit click (15.558692ms)
✔ public append event supports later selection/copy components without replacing existing nodes (10.553011ms)
✔ five nested homepage modules share one request queue and retain independent rows (19.818244ms)
✔ fixed-entry stream retains slug and revision on every continuation (12.251743ms)
✔ fixed-entry stream rejects unscoped continuation and changed revision before append (22.559434ms)
✔ query identity and next-query mismatch cannot contaminate current stream (22.32487ms)
ℹ tests 74
ℹ suites 0
ℹ pass 74
ℹ fail 0
ℹ cancelled 0
ℹ skipped 0
ℹ todo 0
ℹ duration_ms 1803.07969
