(node:13) ExperimentalWarning: VM Modules is an experimental feature and might change at any time
(Use `node --trace-warnings ...` to show where the warning was created)
✔ front target selection retains placement and supports Chinese contains with ASCII stored path (216.777499ms)
✔ public fields exclude private project data, status is exact and condition removal restores plain link (111.370162ms)
✔ reset preserves unrelated title and restores initial location and conditions (112.034294ms)
✔ legacy sidebar sends the original equality payload (52.054649ms)
✔ stale preview cannot replace newer draft or survive a kind change (67.741302ms)
✔ switching public contains to sidebar requires an explicit valid operator (55.929479ms)
✔ preset selection keeps footer placement and reads public target (45.648577ms)
✔ 100 papers use five serial batches of twenty and retain chosen format and order (205.999077ms)
✔ single entry follows selected elsevier (32.174356ms)
✔ single entry follows selected apa (13.261955ms)
✔ single entry follows selected ieee (14.997402ms)
✔ single entry follows selected bibtex (15.428172ms)
✔ one missing citation prevents the entire batch from copying (11.797725ms)
✔ format changes cancel late results without clearing selection (16.083761ms)
✔ filter reset cancels a pending read and ignores its response (13.156185ms)
✔ failed read retains selection, retries without cache and rejects wrong response (18.680978ms)
✔ denied clipboard exposes correct alternate text for manual copy (27.941507ms)
✔ no JavaScript retains a native named select and a working GET form (66.912622ms)
✔ keyboard changes only native filter value; collapsed sizing label stays unchanged (45.33215ms)
✔ Esc restores focus without committing the active option; only one panel opens (30.21757ms)
✔ candidate panel fits a narrow short viewport and keeps complete option text (33.069998ms)
✔ paged candidates preserve value/selection, append safely, announce and keep focus after last page (30.108726ms)
✔ facet failure stays on same page and retries from popup without clearing current values (19.713917ms)
✔ changing sort submits from first batch and cancels late candidate/list responses (30.21658ms)
✔ append preserves checked cards, new cards unchecked, and current result total updates (22.953003ms)
✔ Tab visits load-more inside panel; leaving or outside focus closes without choosing (28.437145ms)
✔ select loaded, append preserves choices and new rows stay unchecked (145.641151ms)
✔ copy uses only explicit public fields in current display order (37.523651ms)
✔ expansion loads only requested entry, caches text and toggles clamp (36.060083ms)
✔ failed or mismatched detail preserves preview and allows retry (21.581213ms)
✔ Clipboard denial uses legacy fallback and accurately reports failure (25.19789ms)
✔ explicit filter submit marks selection reset; automatic append does not (22.472948ms)
✔ detail links retain filters for back navigation (15.473811ms)
✔ details copy public fields and restore same-module return URL (16.950879ms)
✔ details reject cross-origin or different-module return URLs (32.307903ms)
✔ empty biography is reported without inventing content (15.435393ms)
✔ group heading appears once across appended batches, selection and copy exclude heading (22.582965ms)
✔ facet options append safely without changing active filter or selected records (18.717533ms)
✔ facet failure preserves options and page; retry stays on the same page (12.460276ms)
✔ batch citations copy selected loaded raw text in list order with zero requests (15.93092ms)
✔ missing-format cards stop the batch instead of copying fallback (17.447308ms)
✔ single citation copy works on homepage and appended cards without selection form (12.054914ms)
✔ short biographies hide expand button and resizing reveals it only on overflow (11.582471ms)
✔ retained detail copies rich text with paragraph boundaries without reader buttons (9.458858ms)
✔ 100 fictional gbt citations append without changing selected entries and copy exact stored text (183.522071ms)
✔ 100 fictional elsevier citations append without changing selected entries and copy exact stored text (161.23934ms)
✔ 100 fictional apa citations append without changing selected entries and copy exact stored text (143.207841ms)
✔ 100 fictional ieee citations append without changing selected entries and copy exact stored text (117.073374ms)
✔ students: short description expands locally and long description lazily loads safely (13.116075ms)
✔ courses: short description expands locally and long description lazily loads safely (10.730016ms)
✔ description request is cancelled by filters and late text cannot overwrite the card (8.852182ms)
✔ news copy excludes PDF controls, loaded text layers and online watermark (7.851202ms)
✔ scoped teacher expansion preserves fixed-entry path and revision (12.500726ms)
✔ scoped detail return accepts only its own entry and preserves encoded filters (28.576515ms)
✔ Chinese visitor fields serialize as ASCII and retain fixed-entry path (52.037063ms)
✔ empty controls omit state and cannot carry stale pagination or fixed rules (8.629937ms)
✔ cross-origin form action does not trigger scripted navigation (7.370548ms)
✔ language preserves detail, repeated parameters and hash without rewriting external origins (66.112725ms)
✔ filtered navigation matches only appropriate query state (19.629759ms)
✔ nonlanguage auth paths retain safe server-rendered fallback (17.807571ms)
✔ module prefix does not mark a different route active (12.076326ms)
✔ failed and already-broken branding images hide while site text remains (9.394601ms)
✔ intersection starts one request and carries query filters without changing current URL (101.94855ms)
✔ appends once per UID, including duplicate rows in the same response (22.456144ms)
✔ last page removes continuation and disconnects automatic requests (14.283345ms)
✔ failure preserves existing rows and next URL; no automatic retry loop, manual retry works (21.514518ms)
✔ homepage streams share a one-request queue and keep independent record sets (23.265018ms)
✔ wrong language/table/page response cannot contaminate current list (13.760707ms)
✔ cross-origin or backwards continuation is rejected before append (11.027174ms)
✔ HTML error pages do not replace cards (11.993421ms)
✔ pagehide aborts active request and clears queued requests (12.346023ms)
✔ no IntersectionObserver keeps manual load and ordinary link functional (17.525571ms)
✔ data-saving preference disables auto preload, keeps explicit click (24.224394ms)
✔ public append event supports later selection/copy components without replacing existing nodes (13.548196ms)
✔ five nested homepage modules share one request queue and retain independent rows (20.164596ms)
✔ fixed-entry stream retains slug and revision on every continuation (8.789709ms)
✔ fixed-entry stream rejects unscoped continuation and changed revision before append (16.893983ms)
ℹ tests 77
ℹ suites 0
ℹ pass 77
ℹ fail 0
ℹ cancelled 0
ℹ skipped 0
ℹ todo 0
ℹ duration_ms 1875.535185
