npm warn Unknown env config "http-proxy". This will stop working in the next major version of npm.

> test
> node run_dom_tests.cjs

✔ dialog requests fresh form with current return path and restores focus on close (103.838358ms)
✔ failed submission cannot double-submit, retains server account field and clears password (30.800795ms)
✔ registration success switches to login inside the same dialog (19.736535ms)
✔ closing pending read aborts it and does not inject a late form (9.610147ms)
✔ one pending submission preserves draft and supports error retry with refreshed token (82.039133ms)
✔ success stays in page and prevents repeated submission, offers new message link (20.849393ms)
✔ unexpected response does not clear draft or retry writes (16.31336ms)
(node:41) ExperimentalWarning: VM Modules is an experimental feature and might change at any time
(Use `node --trace-warnings ...` to show where the warning was created)
✔ arrow toggles asc/desc/asc, keeps independent conditions and resets page (236.027917ms)
✔ text/boolean filters and clear affect only the selected column (192.417648ms)
✔ fixed scope is not cleared; Escape closes and restores focus (123.875895ms)
✔ optional column module failure does not block headers or mutations (202.654286ms)
✔ optional media module failure is isolated from the list controller (221.66686ms)
✔ core import failure retains independent headers, HTML search and links (169.30167ms)
✔ storage and canvas exceptions retain working columns and headers (281.061622ms)
✔ mount/dispose/remount attaches exactly one action listener (241.456644ms)
✔ repeated partial refresh retains query, draft, selection, focus, and single handlers (361.975074ms)
✔ failed follow-up read never replays a successful write; retry is read-only (264.167196ms)
✔ account deletion confirmation single cancels without a request (84.625272ms)
✔ account deletion confirmation batch cancels without a request (83.04336ms)
✔ grouped sidebar collapse, mobile drawer and Escape preserve focus (66.066358ms)
✔ sidebar remains usable when preference storage is unavailable (55.510804ms)
✔ grouped navigation retains permission notice and keyboard focus return (58.89564ms)
✔ media size header edits KB but preserves byte query contract (57.576682ms)
✔ cancelled permanent deletion sends preflight only (98.874938ms)
✔ batch permanent deletion preflights every item before confirm, stops on failure (103.744505ms)
✔ corresponding author markers match complete names and render text safely (27.496161ms)
✔ metadata draft fills empty correspondence, protects existing value and supports explicit replacement and undo (39.273798ms)
✔ single translation sends selected target version and keeps current filters (81.403371ms)
✔ media KB cells use integers and a compact default width (59.95921ms)
(node:47) ExperimentalWarning: VM Modules is an experimental feature and might change at any time
(Use `node --trace-warnings ...` to show where the warning was created)
✔ cached image and idle lazy image do not cause diagnostic requests (111.524786ms)
✔ 503 retry is bounded to two GET reloads, then leaves manual recovery (24.0496ms)
✔ readable image retries once here, and successful load cancels pending work (22.034471ms)
✔ HTTP 401 is not automatically retried (14.425662ms)
✔ HTTP 403 is not automatically retried (11.224724ms)
✔ HTTP 404 is not automatically retried (10.779683ms)
✔ HTTP 409 is not automatically retried (18.424695ms)
✔ HTTP 413 is not automatically retried (11.831319ms)
✔ HTTP 429 is not automatically retried (25.537805ms)
✔ empty, unsupported, redirected and Retry-After responses are not retried (55.0113ms)
✔ external signed URL is neither diagnosed nor automatically rewritten (17.078524ms)
✔ diagnostic burst never exceeds two concurrent HEAD requests (23.823365ms)
✔ dispose cancels retry and stale diagnosis cannot hide a recovered image (24.661383ms)
(node:48) ExperimentalWarning: VM Modules is an experimental feature and might change at any time
(Use `node --trace-warnings ...` to show where the warning was created)
✔ front target selection retains placement and supports Chinese contains with ASCII stored path (290.719589ms)
✔ public fields exclude private project data, status is exact and condition removal restores plain link (138.775122ms)
✔ reset preserves unrelated title and restores initial location and conditions (117.937937ms)
✔ legacy sidebar sends the original equality payload (62.423533ms)
✔ stale preview cannot replace newer draft or survive a kind change (88.457829ms)
✔ switching public contains to sidebar requires an explicit valid operator (101.128313ms)
✔ preset selection keeps footer placement and reads public target (160.452821ms)
✔ PDF stays lazy, loads range chunks and watermarks every page as safe noninteractive text (98.220374ms)
✔ canvas and document limits are retained, offscreen pages restore without duplicating watermark (47.686951ms)
✔ failed load offers retry without suggesting a forbidden original download (18.776045ms)
✔ disposing during a pending document prevents late page painting (19.225844ms)
✔ administrator default markup receives no frontend watermark and retains progress text (14.814289ms)
(node:55) ExperimentalWarning: VM Modules is an experimental feature and might change at any time
(Use `node --trace-warnings ...` to show where the warning was created)
✔ public author rendering reuses real matcher, highlights only corresponding names, and never inserts markup (83.901272ms)
✔ citation emphasis preserves every original character, escapes markup, and skips partial names (14.012759ms)
✔ 100 papers use five serial batches of twenty and retain chosen format and order (232.69403ms)
✔ single entry follows selected elsevier (33.772358ms)
✔ single entry follows selected apa (13.527198ms)
✔ single entry follows selected ieee (15.913677ms)
✔ single entry follows selected bibtex (18.1227ms)
✔ one missing citation prevents the entire batch from copying (13.044138ms)
✔ format changes cancel late results without clearing selection (15.533293ms)
✔ filter reset cancels a pending read and ignores its response (12.068747ms)
✔ failed read retains selection, retries without cache and rejects wrong response (71.809922ms)
✔ denied clipboard exposes correct alternate text for manual copy (32.599009ms)
✔ no JavaScript retains a native named select and a working GET form (78.897249ms)
✔ keyboard changes only native filter value; collapsed sizing label stays unchanged (51.153039ms)
✔ Esc restores focus without committing the active option; only one panel opens (34.01847ms)
✔ candidate panel fits a narrow short viewport and keeps complete option text (25.615774ms)
✔ paged candidates preserve value/selection, append safely, announce and keep focus after last page (30.455064ms)
✔ facet failure stays on same page and retries from popup without clearing current values (21.327444ms)
✔ changing sort submits from first batch and cancels late candidate/list responses (46.986404ms)
✔ append preserves checked cards, new cards unchecked, and current result total updates (32.377173ms)
✔ Tab visits load-more inside panel; leaving or outside focus closes without choosing (37.613984ms)
✔ top control follows threshold, respects reduced motion and restores visible focus (65.598331ms)
✔ scroll fallback and history restore work without an observer (12.82623ms)
✔ images appended by infinite scroll fall back on failure without copyable decoration (23.467408ms)
✔ controls do nothing on administration pages (15.714978ms)
✔ public styles reference centralized typography and color values without missing tokens (38.229673ms)
✔ real fixed-entry page appends without losing selections, switches copy format and cancels on filtering (354.298859ms)
✔ select loaded, append preserves choices and new rows stay unchecked (113.599149ms)
✔ copy uses only explicit public fields in current display order (26.002036ms)
✔ expansion loads only requested entry, caches text and toggles clamp (25.406368ms)
✔ failed or mismatched detail preserves preview and allows retry (44.410648ms)
✔ Clipboard denial uses legacy fallback and accurately reports failure (36.721323ms)
✔ explicit filter submit marks selection reset; automatic append does not (22.065628ms)
✔ detail links retain filters for back navigation (25.200266ms)
✔ details copy public fields and restore same-module return URL (34.278763ms)
✔ details reject cross-origin or different-module return URLs (71.321254ms)
✔ empty biography is reported without inventing content (32.071409ms)
✔ group heading appears once across appended batches, selection and copy exclude heading (34.153609ms)
✔ facet options append safely without changing active filter or selected records (25.566419ms)
✔ facet failure preserves options and page; retry stays on the same page (20.661651ms)
✔ batch citations copy selected loaded raw text in list order with zero requests (25.568282ms)
✔ missing-format cards stop the batch instead of copying fallback (43.89399ms)
✔ single citation copy works on homepage and appended cards without selection form (18.802115ms)
✔ short biographies hide expand button and resizing reveals it only on overflow (26.399798ms)
✔ retained detail copies rich text with paragraph boundaries without reader buttons (16.103193ms)
✔ 100 fictional gbt citations append without changing selected entries and copy exact stored text (455.643229ms)
✔ 100 fictional elsevier citations append without changing selected entries and copy exact stored text (341.459144ms)
✔ 100 fictional apa citations append without changing selected entries and copy exact stored text (252.211319ms)
✔ 100 fictional ieee citations append without changing selected entries and copy exact stored text (145.317423ms)
✔ students: short description expands locally and long description lazily loads safely (15.912516ms)
✔ courses: short description expands locally and long description lazily loads safely (17.111775ms)
✔ description request is cancelled by filters and late text cannot overwrite the card (13.5618ms)
✔ news copy excludes PDF controls, loaded text layers and online watermark (11.581942ms)
✔ scoped teacher expansion preserves fixed-entry path and revision (28.074453ms)
✔ scoped detail return accepts only its own entry and preserves encoded filters (18.577826ms)
✔ English facet continuation requests language and scope, and keeps raw values for identical labels (12.19671ms)
✔ homepage shows one faculty hero and three compact content groups (115.184338ms)
✔ missing featured faculty uses site introduction (75.203753ms)
✔ account states protect admin entry in the sample and honor registration scenario (98.450448ms)
✔ navigation configuration sample removes entries instead of adding fixed fallbacks (38.831291ms)
✔ teachers numbered ascending, other modules descending (55.011641ms)
✔ expand updates only the current bio and keeps button focus (25.972302ms)
✔ search, category, sort and empty states use sample results consistently (94.306001ms)
✔ selection clears when filters change and mixed select-all is indeterminate (75.433319ms)
✔ bilingual switch preserves query, selection and focused language control (174.565186ms)
✔ copy uses ordered public fields, includes corresponding-author mark and excludes tags and actions (32.349082ms)
✔ clipboard denial provides manual copy with selected text (29.627807ms)
✔ project cards emphasize source and program, without biography text (33.299015ms)
✔ news title and detail open in a new tab, direct detail URL renders correct item (56.609762ms)
✔ transfer panel toggling preserves DOM file input and link without any requests (25.968225ms)
✔ transfer files survive language rerender and display escaped filenames (96.15777ms)
✔ untrusted query is escaped and invalid module/sort safely default (41.680485ms)
✔ viewport button changes preview container without losing list state (21.427376ms)
✔ native project copy emits one paragraph per card, escaped HTML and no ordinal (76.452847ms)
✔ partial selection copies only the selected substring, not full fields (15.521887ms)
✔ cross-card partial selection clips both ends in document order (15.154102ms)
✔ mixed page selection and non-project selection retain native copy (9.712743ms)
✔ button copy matches native serialized cards and includes appended selections only (35.192602ms)
✔ right-column status copies once after main text with no private fields or extra field newlines (34.839529ms)
✔ Chinese visitor fields serialize as ASCII and retain fixed-entry path (74.894897ms)
✔ empty controls omit state and cannot carry stale pagination or fixed rules (12.272295ms)
✔ cross-origin form action does not trigger scripted navigation (22.386052ms)
✔ language preserves detail, repeated parameters and hash without rewriting external origins (80.364669ms)
✔ filtered navigation matches only appropriate query state (33.432151ms)
✔ nonlanguage auth paths retain safe server-rendered fallback (18.083556ms)
✔ module prefix does not mark a different route active (22.573549ms)
✔ failed and already-broken branding images hide while site text remains (15.671412ms)
✔ server-normalized detail language link keeps translated return context (9.282784ms)
✔ intersection starts one request and carries query filters without changing current URL (124.633564ms)
✔ appends once per UID, including duplicate rows in the same response (26.585747ms)
✔ last page removes continuation and disconnects automatic requests (15.128053ms)
✔ failure preserves existing rows and next URL; no automatic retry loop, manual retry works (30.652723ms)
✔ homepage streams share a one-request queue and keep independent record sets (21.588198ms)
✔ wrong language/table/page response cannot contaminate current list (12.915544ms)
✔ cross-origin or backwards continuation is rejected before append (23.219344ms)
✔ HTML error pages do not replace cards (9.806804ms)
✔ pagehide aborts active request and clears queued requests (19.820606ms)
✔ no IntersectionObserver keeps manual load and ordinary link functional (15.545102ms)
✔ data-saving preference disables auto preload, keeps explicit click (11.514881ms)
✔ public append event supports later selection/copy components without replacing existing nodes (13.004188ms)
✔ five nested homepage modules share one request queue and retain independent rows (18.697648ms)
✔ fixed-entry stream retains slug and revision on every continuation (11.291995ms)
✔ fixed-entry stream rejects unscoped continuation and changed revision before append (17.563337ms)
✔ query identity and next-query mismatch cannot contaminate current stream (18.907033ms)
(node:186) ExperimentalWarning: VM Modules is an experimental feature and might change at any time
(Use `node --trace-warnings ...` to show where the warning was created)
✔ real Quill image panel persists alignment and bounded geometry across reload (346.290317ms)
✔ real Quill rejects oversized percentage without changing content (119.638467ms)
✔ drag and drop uses Firefox caret fallback, preserves attributes and undoes atomically (94.419342ms)
✔ numeric dimension validator rejects CSS injection (87.444655ms)
✔ independent window keeps the same editor, pins controls outside scroll and returns draft on Escape (94.382667ms)
✔ dimension input and unit changes update the real editor immediately without apply (79.003915ms)
✔ unsupported dialog keeps the inline editor and draft usable (67.440171ms)
(node:194) ExperimentalWarning: VM Modules is an experimental feature and might change at any time
(Use `node --trace-warnings ...` to show where the warning was created)
✔ settings saves weekly and custom rules; pending save locks inputs and updates revision (233.592705ms)
✔ version conflict preserves draft and revision (62.019533ms)
✔ invalid rules cannot save and cancellation keeps the rule (63.030569ms)
✔ rule removal stays local until explicit save (36.336067ms)
(node:201) ExperimentalWarning: VM Modules is an experimental feature and might change at any time
(Use `node --trace-warnings ...` to show where the warning was created)
✔ paged manifest validates counts, hierarchy, offsets and portable paths (9.186769ms)
✔ directory sink splits a chunk across files, closes complete files and preserves empty entries (5.470693ms)
✔ existing directory and same-name file are never overwritten (9.799403ms)
✔ unexpected entry inside fresh root stops without overwriting (3.521512ms)
✔ pause and lost ACK resume without rewriting saved file bytes (4.623545ms)
✔ cancel aborts current temporary file and retains completed files (2.845222ms)
✔ empty root and trailing empty entries complete without network data (7.638028ms)
✔ failed final close never acknowledges and requires explicit cancel (7.201895ms)
✔ controller chooses directory in click gesture and resumes lost ACK with the same session (464.316138ms)
✔ unsupported directory writer explains limitation without creating a receive session (38.891523ms)
(node:208) ExperimentalWarning: VM Modules is an experimental feature and might change at any time
(Use `node --trace-warnings ...` to show where the warning was created)
✔ one task for 205 files, paged manifests, reuses chunk stream (20.431974ms)
✔ bounded virtual file slices across original file boundaries (5.053764ms)
✔ resume verifies stored paths and hashes, never creates another task (13.763734ms)
✔ mismatching manifest blocks chunks (2.980817ms)
✔ empty directory seals without trying single-file upload (3.174479ms)
✔ stop between manifest batches preserves one task for continuation (9.282054ms)
✔ folder send UI creates one visible link, disables replacement during send, and keeps resume record (427.459851ms)
(node:214) ExperimentalWarning: VM Modules is an experimental feature and might change at any time
(Use `node --trace-warnings ...` to show where the warning was created)
✔ directory handles retain hierarchy, same basenames and empty directories without reading content (6.805396ms)
✔ compatible directory input preserves relative paths and reports empty-directory limitation (3.341741ms)
✔ portable paths reject traversal, absolute paths, separators, reserved names and collisions (3.44658ms)
✔ limits, safe integer totals, permission errors and cancellation reject partial manifests (3.80411ms)
✔ legacy drag reader drains all batches and preserves empty directory (2.411348ms)
✔ drag handles are captured synchronously and a single file is rejected (2.50575ms)
✔ UI pages directory preview, stores only local manifest and never creates transport tasks (259.995791ms)
✔ UI cancellation discards a late picker result (83.243868ms)
✔ tree ordering keeps descendants next to their parent (3.140618ms)
(node:230) ExperimentalWarning: VM Modules is an experimental feature and might change at any time
(Use `node --trace-warnings ...` to show where the warning was created)
✔ language changes retain workspace objects, raw names and nested dynamic status (111.999564ms)
✔ switch while an operation is pending retains its callback, handle and completion binding (24.225026ms)
✔ only latest header response wins and no workspace is replaced (19.301759ms)
✔ failed header refresh reports error in selected language without navigation or data loss (16.084054ms)
✔ errors retain translatable tokens and server denials have English explanations (24.53219ms)
✔ catalog covers every literal frontend token and placeholders match (16.906745ms)
(node:243) ExperimentalWarning: VM Modules is an experimental feature and might change at any time
(Use `node --trace-warnings ...` to show where the warning was created)
✔ multi-block direct transfer reuses sink ACK and closes before completion (811.52223ms)
✔ corrupt data does not write, acknowledge or close destination (8.260191ms)
✔ oversized frames and flooded queues close instead of accumulating (7.158449ms)
✔ slow DataChannel buffer blocks next send; close rejects pending read (24.305177ms)
✔ wrong ACK and false final save never claim completion (6.229588ms)
✔ selected ICE route is reported without claiming physical LAN or exposing addresses (3.643697ms)
✔ disk close failure cannot send saved message (8.054561ms)
✔ unsupported UI disables direct controls and keeps cached panels (397.693869ms)
✔ file picker stays single while status polling continues; cancellation clears the room (67.558995ms)
(node:250) ExperimentalWarning: VM Modules is an experimental feature and might change at any time
(Use `node --trace-warnings ...` to show where the warning was created)
✔ shared adapter snapshots local selection and submits only metadata in bounded pages (10.545759ms)
✔ LAN folder stream saves files and empty entries before the sender sees completion (21.780789ms)
✔ online relay aggregate stream shares ACK and folder sink; no file data in metadata (8.603349ms)
✔ empty root over LAN completes with no binary payload (7.873608ms)
✔ metadata preflight rejects online memory overflow before creating rooms (35.365713ms)
✔ cancelled directory preparation does not create a destination folder (6.187595ms)
✔ lan controller reveals one folder pairing code only after manifest seal (455.058871ms)
✔ relay controller reveals one folder pairing code only after manifest seal (71.739397ms)
(node:268) ExperimentalWarning: VM Modules is an experimental feature and might change at any time
(Use `node --trace-warnings ...` to show where the warning was created)
✔ receive accepts only same-origin exact capability path (5.271483ms)
✔ new upload creates once and sends exact consecutive chunks (3.773683ms)
✔ resume verifies prefix before any write; wrong content does not upload (4.423554ms)
✔ completed checkpoint recovers a lost final response without writing (2.666533ms)
✔ unknown write result is never automatically retried (2.575305ms)
✔ pause keeps current task and avoids the next chunk (6.741155ms)
✔ invalid or over-limit file does not reserve a task (6.88672ms)
✔ expired checkpoint and malformed offset stop safely (5.354238ms)
✔ switching panels retains file input and progress nodes; anonymous view does not request APIs (420.99726ms)
✔ integrated transfer prefixes requests and rejects legacy or external share paths (3.501021ms)
✔ paged resume checks all pages before any upload (2.819974ms)
✔ changed recovery snapshot and repeated cursor refuse writes (3.070352ms)
(node:276) ExperimentalWarning: VM Modules is an experimental feature and might change at any time
(Use `node --trace-warnings ...` to show where the warning was created)
✔ slow sink and ACK independently fence the next read (19.350533ms)
✔ lost ACK response resumes ACK without writing the block twice (7.996564ms)
✔ corruption and oversized block never write or acknowledge (7.641167ms)
✔ pause stops before another read and does not claim final disk save (3.095831ms)
✔ unsupported browser keeps native download without starting a receive session (454.344274ms)
(node:282) ExperimentalWarning: VM Modules is an experimental feature and might change at any time
(Use `node --trace-warnings ...` to show where the warning was created)
✔ relay sender waits for receiver ACK before reading next file block (5.155588ms)
✔ uncertain upload is not replayed; resume consults receiver checkpoint (3.406209ms)
✔ quota waiting and pause never read a file block (2.919124ms)
✔ binary reader rejects declared/actual overflow and truncated content (6.526506ms)
✔ unsupported receive UI keeps sending and cached receive available (425.20933ms)
(node:292) ExperimentalWarning: VM Modules is an experimental feature and might change at any time
(Use `node --trace-warnings ...` to show where the warning was created)
✔ mode changes preserve all files, progress and receive fields without transport calls (143.510967ms)
✔ send/receive filter applies across all modes and leaves shared cancellation controls visible (44.449878ms)
✔ tabs support arrows, wrapping, Home/End and matching accessible panels (48.144596ms)
✔ hidden mode feedback remains available, escaped, and can reopen its workspace (39.350004ms)
✔ legacy cached-only mode remains usable and does not offer absent transports (38.005626ms)
(node:300) ExperimentalWarning: VM Modules is an experimental feature and might change at any time
(Use `node --trace-warnings ...` to show where the warning was created)
✔ storage status is on-demand, escaped, and distinguishes disabled maintenance (385.402207ms)
ℹ tests 246
ℹ suites 0
ℹ pass 246
ℹ fail 0
ℹ cancelled 0
ℹ skipped 0
ℹ todo 0
ℹ duration_ms 4948.513841
