✔ 100 papers use five serial batches of twenty and retain chosen format and order (233.420749ms)
✔ single entry follows selected elsevier (28.184473ms)
✔ single entry follows selected apa (17.248467ms)
✔ single entry follows selected ieee (16.524065ms)
✔ single entry follows selected bibtex (16.654282ms)
✔ one missing citation prevents the entire batch from copying (17.44299ms)
✔ format changes cancel late results without clearing selection (21.612831ms)
✔ filter reset cancels a pending read and ignores its response (17.185993ms)
✔ failed read retains selection, retries without cache and rejects wrong response (23.567689ms)
✔ denied clipboard exposes correct alternate text for manual copy (27.831461ms)
✔ no JavaScript retains a native named select and a working GET form (97.344083ms)
✔ keyboard changes only native filter value; collapsed sizing label stays unchanged (60.9923ms)
✔ Esc restores focus without committing the active option; only one panel opens (37.008834ms)
✔ candidate panel fits a narrow short viewport and keeps complete option text (32.426862ms)
✔ paged candidates preserve value/selection, append safely, announce and keep focus after last page (37.720637ms)
✔ facet failure stays on same page and retries from popup without clearing current values (27.488444ms)
✔ changing sort submits from first batch and cancels late candidate/list responses (37.546866ms)
✔ append preserves checked cards, new cards unchecked, and current result total updates (39.092767ms)
✔ Tab visits load-more inside panel; leaving or outside focus closes without choosing (27.389214ms)
✔ select loaded, append preserves choices and new rows stay unchecked (98.180359ms)
✔ copy uses only explicit public fields in current display order (36.98299ms)
✔ expansion loads only requested entry, caches text and toggles clamp (28.216812ms)
✔ failed or mismatched detail preserves preview and allows retry (19.783486ms)
✔ Clipboard denial uses legacy fallback and accurately reports failure (26.079823ms)
✔ explicit filter submit marks selection reset; automatic append does not (20.735217ms)
✔ detail links retain filters for back navigation (15.24807ms)
✔ details copy public fields and restore same-module return URL (16.305875ms)
✔ details reject cross-origin or different-module return URLs (25.365641ms)
✔ empty biography is reported without inventing content (13.953557ms)
✔ group heading appears once across appended batches, selection and copy exclude heading (23.138061ms)
✔ facet options append safely without changing active filter or selected records (19.820307ms)
✔ facet failure preserves options and page; retry stays on the same page (15.006616ms)
✔ batch citations copy selected loaded raw text in list order with zero requests (16.369391ms)
✔ missing-format cards stop the batch instead of copying fallback (16.449603ms)
✔ single citation copy works on homepage and appended cards without selection form (10.774522ms)
✔ short biographies hide expand button and resizing reveals it only on overflow (11.613868ms)
✔ retained detail copies rich text with paragraph boundaries without reader buttons (8.999355ms)
✔ 100 fictional gbt citations append without changing selected entries and copy exact stored text (167.123036ms)
✔ 100 fictional elsevier citations append without changing selected entries and copy exact stored text (171.945381ms)
✔ 100 fictional apa citations append without changing selected entries and copy exact stored text (143.707766ms)
✔ 100 fictional ieee citations append without changing selected entries and copy exact stored text (125.251007ms)
✔ students: short description expands locally and long description lazily loads safely (14.868247ms)
✔ courses: short description expands locally and long description lazily loads safely (11.581509ms)
✔ description request is cancelled by filters and late text cannot overwrite the card (10.882956ms)
✔ news copy excludes PDF controls, loaded text layers and online watermark (9.014066ms)
✔ scoped teacher expansion preserves fixed-entry path and revision (15.889207ms)
✔ scoped detail return accepts only its own entry and preserves encoded filters (16.053785ms)
✔ English facet continuation requests language and scope, and keeps raw values for identical labels (10.483323ms)
✔ Chinese visitor fields serialize as ASCII and retain fixed-entry path (57.590244ms)
✔ empty controls omit state and cannot carry stale pagination or fixed rules (13.453012ms)
✔ cross-origin form action does not trigger scripted navigation (6.629019ms)
✔ intersection starts one request and carries query filters without changing current URL (65.843057ms)
✔ appends once per UID, including duplicate rows in the same response (18.838917ms)
✔ last page removes continuation and disconnects automatic requests (10.902565ms)
✔ failure preserves existing rows and next URL; no automatic retry loop, manual retry works (10.623835ms)
✔ homepage streams share a one-request queue and keep independent record sets (13.036414ms)
✔ wrong language/table/page response cannot contaminate current list (14.046648ms)
✔ cross-origin or backwards continuation is rejected before append (11.271011ms)
✔ HTML error pages do not replace cards (8.693473ms)
✔ pagehide aborts active request and clears queued requests (9.971701ms)
✔ no IntersectionObserver keeps manual load and ordinary link functional (11.438173ms)
✔ data-saving preference disables auto preload, keeps explicit click (7.732974ms)
✔ public append event supports later selection/copy components without replacing existing nodes (9.003911ms)
✔ five nested homepage modules share one request queue and retain independent rows (19.131908ms)
✔ fixed-entry stream retains slug and revision on every continuation (13.561176ms)
✔ fixed-entry stream rejects unscoped continuation and changed revision before append (17.03142ms)
ℹ tests 66
ℹ suites 0
ℹ pass 66
ℹ fail 0
ℹ cancelled 0
ℹ skipped 0
ℹ todo 0
ℹ duration_ms 1501.507349
